2026-08-04T19:21:08.0523783Z Current runner version: '2.336.0'
2026-08-04T19:21:08.0551689Z ##[group]Runner Image Provisioner
2026-08-04T19:21:08.0552580Z Hosted Compute Agent
2026-08-04T19:21:08.0553147Z Version: 20260707.563
2026-08-04T19:21:08.0554336Z Commit: 02667638d2b423fbc733a8e32a88b44996a3ba6e
2026-08-04T19:21:08.0555080Z Build Date: 2026-07-07T19:33:50Z
2026-08-04T19:21:08.0555837Z Worker ID: {d1c9c416-859b-4e83-b486-4ae056799ddf}
2026-08-04T19:21:08.0556611Z Azure Region: centralus
2026-08-04T19:21:08.0557186Z ##[endgroup]
2026-08-04T19:21:08.0558774Z ##[group]Operating System
2026-08-04T19:21:08.0559448Z Ubuntu
2026-08-04T19:21:08.0559951Z 24.04.4
2026-08-04T19:21:08.0560554Z LTS
2026-08-04T19:21:08.0561060Z ##[endgroup]
2026-08-04T19:21:08.0561629Z ##[group]Runner Image
2026-08-04T19:21:08.0562241Z Image: ubuntu-24.04
2026-08-04T19:21:08.0562798Z Version: 20260720.247.2
2026-08-04T19:21:08.0564577Z Included Software: https://github.com/actions/runner-images/blob/ubuntu24/20260720.247/images/ubuntu/Ubuntu2404-Readme.md
2026-08-04T19:21:08.0566099Z Image Release: https://github.com/actions/runner-images/releases/tag/ubuntu24%2F20260720.247
2026-08-04T19:21:08.0567123Z ##[endgroup]
2026-08-04T19:21:08.0568292Z ##[group]GITHUB_TOKEN Permissions
2026-08-04T19:21:08.0570529Z Contents: read
2026-08-04T19:21:08.0571138Z Metadata: read
2026-08-04T19:21:08.0571773Z Pages: write
2026-08-04T19:21:08.0572319Z ##[endgroup]
2026-08-04T19:21:08.0574622Z Secret source: Actions
2026-08-04T19:21:08.0576099Z Prepare workflow directory
2026-08-04T19:21:08.0917799Z Prepare all required actions
2026-08-04T19:21:08.0967368Z Getting action download info
2026-08-04T19:21:08.3569786Z Download action repository 'actions/checkout@v4' (SHA:11d5960a326750d5838078e36cf38b85af677262)
2026-08-04T19:21:08.8088133Z Download action repository 'actions/jekyll-build-pages@v1' (SHA:44a6e6beabd48582f863aeeb6cb2151cc1716697)
2026-08-04T19:21:09.3183383Z Download action repository 'actions/upload-pages-artifact@v3' (SHA:56afc609e74202658d3ffba0e8f6dda462b719fa)
2026-08-04T19:21:09.6077039Z Getting action download info
2026-08-04T19:21:09.7207933Z Download action repository 'actions/upload-artifact@v4' (SHA:ea165f8d65b6e75b540449e92b4886f43607fa02)
2026-08-04T19:21:09.9152064Z Complete job name: build
2026-08-04T19:21:09.9670185Z ##[group]Pull down action image 'ghcr.io/actions/jekyll-build-pages:v1.0.13'
2026-08-04T19:21:09.9726744Z ##[command]/usr/bin/docker pull ghcr.io/actions/jekyll-build-pages:v1.0.13
2026-08-04T19:21:10.5806716Z v1.0.13: Pulling from actions/jekyll-build-pages
2026-08-04T19:21:10.5808886Z efc2b5ad9eec: Pulling fs layer
2026-08-04T19:21:10.5810468Z 165b60d1bb48: Pulling fs layer
2026-08-04T19:21:10.5811985Z 2a328af1ca3a: Pulling fs layer
2026-08-04T19:21:10.5813145Z 32b58fa44788: Pulling fs layer
2026-08-04T19:21:10.5814616Z 590ab93c22d2: Pulling fs layer
2026-08-04T19:21:10.5815807Z 26ea96c4c14c: Pulling fs layer
2026-08-04T19:21:10.5816972Z bd7e451dfea1: Pulling fs layer
2026-08-04T19:21:10.5818137Z c209e9dadc51: Pulling fs layer
2026-08-04T19:21:10.5819389Z a4925b5c711a: Pulling fs layer
2026-08-04T19:21:10.5820571Z cd9459784e3c: Pulling fs layer
2026-08-04T19:21:10.5821652Z 32b58fa44788: Waiting
2026-08-04T19:21:10.5822566Z 590ab93c22d2: Waiting
2026-08-04T19:21:10.5823741Z 26ea96c4c14c: Waiting
2026-08-04T19:21:10.5824776Z bd7e451dfea1: Waiting
2026-08-04T19:21:10.5825776Z c209e9dadc51: Waiting
2026-08-04T19:21:10.5826756Z a4925b5c711a: Waiting
2026-08-04T19:21:10.5827740Z cd9459784e3c: Waiting
2026-08-04T19:21:10.7237517Z 2a328af1ca3a: Verifying Checksum
2026-08-04T19:21:10.7239621Z 2a328af1ca3a: Download complete
2026-08-04T19:21:10.9547226Z 165b60d1bb48: Verifying Checksum
2026-08-04T19:21:10.9555213Z 165b60d1bb48: Download complete
2026-08-04T19:21:10.9962058Z efc2b5ad9eec: Verifying Checksum
2026-08-04T19:21:10.9963385Z efc2b5ad9eec: Download complete
2026-08-04T19:21:11.1156705Z 590ab93c22d2: Verifying Checksum
2026-08-04T19:21:11.1158835Z 590ab93c22d2: Download complete
2026-08-04T19:21:11.1334393Z 32b58fa44788: Verifying Checksum
2026-08-04T19:21:11.1336760Z 32b58fa44788: Download complete
2026-08-04T19:21:11.2601719Z bd7e451dfea1: Verifying Checksum
2026-08-04T19:21:11.2605711Z bd7e451dfea1: Download complete
2026-08-04T19:21:11.5284876Z a4925b5c711a: Download complete
2026-08-04T19:21:11.6114496Z c209e9dadc51: Verifying Checksum
2026-08-04T19:21:11.6115380Z c209e9dadc51: Download complete
2026-08-04T19:21:11.6688051Z cd9459784e3c: Verifying Checksum
2026-08-04T19:21:11.6688791Z cd9459784e3c: Download complete
2026-08-04T19:21:11.9113141Z 26ea96c4c14c: Verifying Checksum
2026-08-04T19:21:11.9114908Z 26ea96c4c14c: Download complete
2026-08-04T19:21:12.4900608Z efc2b5ad9eec: Pull complete
2026-08-04T19:21:16.2514497Z 165b60d1bb48: Pull complete
2026-08-04T19:21:16.2655236Z 2a328af1ca3a: Pull complete
2026-08-04T19:21:17.2562250Z 32b58fa44788: Pull complete
2026-08-04T19:21:17.2679826Z 590ab93c22d2: Pull complete
2026-08-04T19:21:21.4419651Z 26ea96c4c14c: Pull complete
2026-08-04T19:21:21.4537796Z bd7e451dfea1: Pull complete
2026-08-04T19:21:23.5482687Z c209e9dadc51: Pull complete
2026-08-04T19:21:23.5729735Z a4925b5c711a: Pull complete
2026-08-04T19:21:23.5840450Z cd9459784e3c: Pull complete
2026-08-04T19:21:23.5875559Z Digest: sha256:6791ebfd912185ed59bfb5fb102664fa872496b79f87ff8b9cfba292a7345041
2026-08-04T19:21:23.5891337Z Status: Downloaded newer image for ghcr.io/actions/jekyll-build-pages:v1.0.13
2026-08-04T19:21:23.5902582Z ghcr.io/actions/jekyll-build-pages:v1.0.13
2026-08-04T19:21:23.5931242Z ##[endgroup]
2026-08-04T19:21:23.6235462Z Node 20 is being deprecated. This workflow is running with Node 24 by default. If you need to temporarily use Node 20, you can set the ACTIONS_ALLOW_USE_UNSECURE_NODE_VERSION=true environment variable. For more information see: https://github.blog/changelog/2025-09-19-deprecation-of-node-20-on-github-actions-runners/
2026-08-04T19:21:23.6243074Z ##[group]Run actions/checkout@v4
2026-08-04T19:21:23.6243906Z with:
2026-08-04T19:21:23.6244127Z   ref: main
2026-08-04T19:21:23.6244325Z   submodules: recursive
2026-08-04T19:21:23.6244601Z   repository: ngreen37/ngreen37.github.io
2026-08-04T19:21:23.6247205Z   token: ***
2026-08-04T19:21:23.6247410Z   ssh-strict: true
2026-08-04T19:21:23.6247616Z   ssh-user: git
2026-08-04T19:21:23.6247834Z   persist-credentials: true
2026-08-04T19:21:23.6248058Z   clean: true
2026-08-04T19:21:23.6248269Z   sparse-checkout-cone-mode: true
2026-08-04T19:21:23.6248513Z   fetch-depth: 1
2026-08-04T19:21:23.6248707Z   fetch-tags: false
2026-08-04T19:21:23.6248948Z   show-progress: true
2026-08-04T19:21:23.6249170Z   lfs: false
2026-08-04T19:21:23.6249388Z   set-safe-directory: true
2026-08-04T19:21:23.6249625Z   allow-unsafe-pr-checkout: false
2026-08-04T19:21:23.6250453Z ##[endgroup]
2026-08-04T19:21:23.7281609Z Syncing repository: ngreen37/ngreen37.github.io
2026-08-04T19:21:23.7282934Z ##[group]Getting Git version info
2026-08-04T19:21:23.7283392Z Working directory is '/home/runner/work/ngreen37.github.io/ngreen37.github.io'
2026-08-04T19:21:23.7284400Z [command]/usr/bin/git version
2026-08-04T19:21:23.7362901Z git version 2.54.0
2026-08-04T19:21:23.7386772Z ##[endgroup]
2026-08-04T19:21:23.7401767Z Temporarily overriding HOME='/home/runner/work/_temp/47d923a9-a11d-4355-853a-9bdd37f7d73e' before making global git config changes
2026-08-04T19:21:23.7405730Z Adding repository directory to the temporary git global config as a safe directory
2026-08-04T19:21:23.7408493Z [command]/usr/bin/git config --global --add safe.directory /home/runner/work/ngreen37.github.io/ngreen37.github.io
2026-08-04T19:21:23.7469470Z Deleting the contents of '/home/runner/work/ngreen37.github.io/ngreen37.github.io'
2026-08-04T19:21:23.7472725Z ##[group]Initializing the repository
2026-08-04T19:21:23.7477462Z [command]/usr/bin/git init /home/runner/work/ngreen37.github.io/ngreen37.github.io
2026-08-04T19:21:23.7610474Z hint: Using 'master' as the name for the initial branch. This default branch name
2026-08-04T19:21:23.7611760Z hint: will change to "main" in Git 3.0. To configure the initial branch name
2026-08-04T19:21:23.7613387Z hint: to use in all of your new repositories, which will suppress this warning,
2026-08-04T19:21:23.7614532Z hint: call:
2026-08-04T19:21:23.7615194Z hint:
2026-08-04T19:21:23.7615716Z hint: 	git config --global init.defaultBranch <name>
2026-08-04T19:21:23.7616268Z hint:
2026-08-04T19:21:23.7616782Z hint: Names commonly chosen instead of 'master' are 'main', 'trunk' and
2026-08-04T19:21:23.7617773Z hint: 'development'. The just-created branch can be renamed via this command:
2026-08-04T19:21:23.7618529Z hint:
2026-08-04T19:21:23.7618973Z hint: 	git branch -m <name>
2026-08-04T19:21:23.7619405Z hint:
2026-08-04T19:21:23.7620031Z hint: Disable this message with "git config set advice.defaultBranchName false"
2026-08-04T19:21:23.7621221Z Initialized empty Git repository in /home/runner/work/ngreen37.github.io/ngreen37.github.io/.git/
2026-08-04T19:21:23.7630213Z [command]/usr/bin/git remote add origin https://github.com/ngreen37/ngreen37.github.io
2026-08-04T19:21:23.7689458Z ##[endgroup]
2026-08-04T19:21:23.7690158Z ##[group]Disabling automatic garbage collection
2026-08-04T19:21:23.7693132Z [command]/usr/bin/git config --local gc.auto 0
2026-08-04T19:21:23.7724658Z ##[endgroup]
2026-08-04T19:21:23.7725227Z ##[group]Setting up auth
2026-08-04T19:21:23.7731761Z [command]/usr/bin/git config --local --name-only --get-regexp core\.sshCommand
2026-08-04T19:21:23.7778614Z [command]/usr/bin/git submodule foreach --recursive sh -c "git config --local --name-only --get-regexp 'core\.sshCommand' && git config --local --unset-all 'core.sshCommand' || :"
2026-08-04T19:21:23.8189401Z [command]/usr/bin/git config --local --name-only --get-regexp http\.https\:\/\/github\.com\/\.extraheader
2026-08-04T19:21:23.8225859Z [command]/usr/bin/git submodule foreach --recursive sh -c "git config --local --name-only --get-regexp 'http\.https\:\/\/github\.com\/\.extraheader' && git config --local --unset-all 'http.https://github.com/.extraheader' || :"
2026-08-04T19:21:23.8452298Z [command]/usr/bin/git config --local --name-only --get-regexp ^includeIf\.gitdir:
2026-08-04T19:21:23.8489276Z [command]/usr/bin/git submodule foreach --recursive git config --local --show-origin --name-only --get-regexp remote.origin.url
2026-08-04T19:21:23.8778395Z [command]/usr/bin/git config --local http.https://github.com/.extraheader AUTHORIZATION: basic ***
2026-08-04T19:21:23.8786244Z ##[endgroup]
2026-08-04T19:21:23.8787224Z ##[group]Fetching the repository
2026-08-04T19:21:23.8788774Z [command]/usr/bin/git -c protocol.version=2 fetch --no-tags --prune --no-recurse-submodules --depth=1 origin +refs/heads/main*:refs/remotes/origin/main* +refs/tags/main*:refs/tags/main*
2026-08-04T19:21:24.9011335Z From https://github.com/ngreen37/ngreen37.github.io
2026-08-04T19:21:24.9012161Z  * [new branch]      main       -> origin/main
2026-08-04T19:21:24.9050528Z ##[endgroup]
2026-08-04T19:21:24.9050937Z ##[group]Determining the checkout info
2026-08-04T19:21:24.9059134Z [command]/usr/bin/git branch --list --remote origin/main
2026-08-04T19:21:24.9091156Z   origin/main
2026-08-04T19:21:24.9096022Z ##[endgroup]
2026-08-04T19:21:24.9101394Z [command]/usr/bin/git sparse-checkout disable
2026-08-04T19:21:24.9150608Z [command]/usr/bin/git config --local --unset-all extensions.worktreeConfig
2026-08-04T19:21:24.9179804Z ##[group]Checking out the ref
2026-08-04T19:21:24.9184099Z [command]/usr/bin/git checkout --progress --force -B main refs/remotes/origin/main
2026-08-04T19:21:24.9762117Z Switched to a new branch 'main'
2026-08-04T19:21:24.9765351Z branch 'main' set up to track 'origin/main'.
2026-08-04T19:21:24.9774042Z ##[endgroup]
2026-08-04T19:21:24.9774702Z ##[group]Setting up auth for fetching submodules
2026-08-04T19:21:24.9782036Z [command]/usr/bin/git config --global http.https://github.com/.extraheader AUTHORIZATION: basic ***
2026-08-04T19:21:24.9827076Z [command]/usr/bin/git config --global --unset-all url.https://github.com/.insteadOf
2026-08-04T19:21:24.9861105Z [command]/usr/bin/git config --global --add url.https://github.com/.insteadOf git@github.com:
2026-08-04T19:21:24.9899980Z [command]/usr/bin/git config --global --add url.https://github.com/.insteadOf org-244641352@github.com:
2026-08-04T19:21:24.9929485Z ##[endgroup]
2026-08-04T19:21:24.9929869Z ##[group]Fetching submodules
2026-08-04T19:21:24.9935085Z [command]/usr/bin/git submodule sync --recursive
2026-08-04T19:21:25.0159192Z [command]/usr/bin/git -c protocol.version=2 submodule update --init --force --depth=1 --recursive
2026-08-04T19:21:25.0395189Z [command]/usr/bin/git submodule foreach --recursive git config --local gc.auto 0
2026-08-04T19:21:25.0616266Z ##[endgroup]
2026-08-04T19:21:25.0617049Z ##[group]Persisting credentials for submodules
2026-08-04T19:21:25.0624603Z [command]/usr/bin/git submodule foreach --recursive sh -c "git config --local --name-only --get-regexp 'url\.https\:\/\/github\.com\/\.insteadOf' && git config --local --unset-all 'url.https://github.com/.insteadOf' || :"
2026-08-04T19:21:25.0857251Z [command]/usr/bin/git submodule foreach --recursive sh -c "git config --local 'http.https://github.com/.extraheader' 'AUTHORIZATION: basic ***' && git config --local --show-origin --name-only --get-regexp remote.origin.url"
2026-08-04T19:21:25.1086841Z [command]/usr/bin/git submodule foreach --recursive git config --local --add 'url.https://github.com/.insteadOf' 'git@github.com:'
2026-08-04T19:21:25.1310868Z [command]/usr/bin/git submodule foreach --recursive git config --local --add 'url.https://github.com/.insteadOf' 'org-244641352@github.com:'
2026-08-04T19:21:25.1531274Z ##[endgroup]
2026-08-04T19:21:25.1582158Z [command]/usr/bin/git log -1 --format=%H
2026-08-04T19:21:25.1611052Z 765ff1ee4c1e6f21a9694e73a7beadfbc54dc744
2026-08-04T19:21:25.1818999Z ##[group]Run actions/jekyll-build-pages@v1
2026-08-04T19:21:25.1819307Z with:
2026-08-04T19:21:25.1819487Z   source: .
2026-08-04T19:21:25.1819675Z   destination: ./_site
2026-08-04T19:21:25.1819880Z   future: false
2026-08-04T19:21:25.1820138Z   build_revision: 765ff1ee4c1e6f21a9694e73a7beadfbc54dc744
2026-08-04T19:21:25.1820449Z   verbose: true
2026-08-04T19:21:25.1822928Z   token: ***
2026-08-04T19:21:25.1823125Z ##[endgroup]
2026-08-04T19:21:25.1916778Z ##[command]/usr/bin/docker run --name ghcrioactionsjekyllbuildpagesv1013_0f8e42 --label 8ddc13 --workdir /github/workspace --rm -e "INPUT_SOURCE" -e "INPUT_DESTINATION" -e "INPUT_FUTURE" -e "INPUT_BUILD_REVISION" -e "INPUT_VERBOSE" -e "INPUT_TOKEN" -e "HOME" -e "GITHUB_JOB" -e "GITHUB_REF" -e "GITHUB_SHA" -e "GITHUB_REPOSITORY" -e "GITHUB_REPOSITORY_OWNER" -e "GITHUB_REPOSITORY_OWNER_ID" -e "GITHUB_RUN_ID" -e "GITHUB_RUN_NUMBER" -e "GITHUB_RETENTION_DAYS" -e "GITHUB_RUN_ATTEMPT" -e "GITHUB_ACTOR_ID" -e "GITHUB_ACTOR" -e "GITHUB_WORKFLOW" -e "GITHUB_HEAD_REF" -e "GITHUB_BASE_REF" -e "GITHUB_EVENT_NAME" -e "GITHUB_SERVER_URL" -e "GITHUB_API_URL" -e "GITHUB_GRAPHQL_URL" -e "GITHUB_REF_NAME" -e "GITHUB_REF_PROTECTED" -e "GITHUB_REF_TYPE" -e "GITHUB_WORKFLOW_REF" -e "GITHUB_WORKFLOW_SHA" -e "GITHUB_REPOSITORY_ID" -e "GITHUB_TRIGGERING_ACTOR" -e "GITHUB_WORKSPACE" -e "GITHUB_ACTION" -e "GITHUB_EVENT_PATH" -e "GITHUB_ACTION_REPOSITORY" -e "GITHUB_ACTION_REF" -e "GITHUB_PATH" -e "GITHUB_ENV" -e "GITHUB_STEP_SUMMARY" -e "GITHUB_STATE" -e "GITHUB_OUTPUT" -e "GITHUB_ARTIFACTS" -e "GITHUB_ARTIFACTS_LIST" -e "RUNNER_OS" -e "RUNNER_ARCH" -e "RUNNER_NAME" -e "RUNNER_ENVIRONMENT" -e "RUNNER_TOOL_CACHE" -e "RUNNER_TEMP" -e "RUNNER_WORKSPACE" -e "ACTIONS_RUNTIME_URL" -e "ACTIONS_RUNTIME_TOKEN" -e "ACTIONS_CACHE_URL" -e "ACTIONS_ID_TOKEN_REQUEST_URL" -e "ACTIONS_ID_TOKEN_REQUEST_TOKEN" -e "ACTIONS_RESULTS_URL" -e "ACTIONS_ORCHESTRATION_ID" -e GITHUB_ACTIONS=true -e CI=true -v "/var/run/docker.sock":"/var/run/docker.sock" -v "/home/runner/work/_temp":"/github/runner_temp" -v "/home/runner/work/_temp/_github_home":"/github/home" -v "/home/runner/work/_temp/_github_workflow":"/github/workflow" -v "/home/runner/work/_temp/_runner_file_commands":"/github/file_commands" -v "/home/runner/work/ngreen37.github.io/ngreen37.github.io":"/github/workspace" ghcr.io/actions/jekyll-build-pages:v1.0.13
2026-08-04T19:21:25.6198564Z Resolving dependencies...
2026-08-04T19:21:25.6366060Z The following gems are missing
2026-08-04T19:21:25.6366809Z  * jekyll (4.4.1)
2026-08-04T19:21:25.6367231Z  * webrick (1.9.2)
2026-08-04T19:21:25.6367590Z  * addressable (2.9.0)
2026-08-04T19:21:25.6368055Z  * base64 (0.3.0)
2026-08-04T19:21:25.6368576Z  * csv (3.3.5)
2026-08-04T19:21:25.6368906Z  * i18n (1.14.8)
2026-08-04T19:21:25.6385577Z  * jekyll-sass-converter (3.1.0)
2026-08-04T19:21:25.6386022Z  * json (2.19.3)
2026-08-04T19:21:25.6386395Z  * kramdown (2.5.2)
2026-08-04T19:21:25.6386736Z  * mercenary (0.4.0)
2026-08-04T19:21:25.6387077Z  * rouge (4.7.0)
2026-08-04T19:21:25.6387442Z  * terminal-table (3.0.2)
2026-08-04T19:21:25.6387825Z  * public_suffix (7.0.5)
2026-08-04T19:21:25.6388205Z  * http_parser.rb (0.8.1)
2026-08-04T19:21:25.6388582Z  * concurrent-ruby (1.3.6)
2026-08-04T19:21:25.6388950Z  * listen (3.10.0)
2026-08-04T19:21:25.6389271Z  * rexml (3.4.4)
2026-08-04T19:21:25.6389667Z  * unicode-display_width (2.6.0)
2026-08-04T19:21:25.6390087Z  * logger (1.7.0)
2026-08-04T19:21:25.6390479Z Install missing gems with `bundle install`
2026-08-04T19:21:25.6415282Z ##[warning]The github-pages gem can't satisfy your Gemfile's dependencies. If you want to use a different Jekyll version or need additional dependencies, consider building Jekyll site with GitHub Actions: https://jekyllrb.com/docs/continuous-integration/github-actions/
2026-08-04T19:21:26.3062482Z To use retry middleware with Faraday v2.0+, install `faraday-retry` gem
2026-08-04T19:21:28.5361913Z [31m  Liquid Exception: Liquid syntax error (line 319): Tag '{%-` EATS THAT BLANK LINE, joining the two into `</a><section …>`. Kramdown then reads the section as span content and HTML-escapes it, so the tags ship as VISIBLE TEXT: `<section class="mc-studio"><div class="mc-lamp">` printed on the front door, `</div>` and `</section>` after it, no `.mc-studio` element ever created, and the lamp's absolutely positioned parts escaping to scatter across the page (that was the 8px of horizontal overflow). The four other comment-then-markup pairs on this page keep their dashes safely, because each one follows a BLOCK-level close (`</div>`, `</ul>`) which ends the paragraph on its own. `npm run test:style` fails the build on this now. {% endcomment %}' was not properly terminated with regexp: /\%\}/ in index.md[0m
2026-08-04T19:21:28.5373818Z /usr/local/bundle/gems/liquid-4.0.4/lib/liquid/block_body.rb:132:in `raise_missing_tag_terminator': Liquid syntax error (line 319): Tag '{%-` EATS THAT BLANK LINE, joining the two into `</a><section …>`. (Liquid::SyntaxError)
2026-08-04T19:21:28.5375585Z      Kramdown then reads the section as span content and HTML-escapes it, so the tags ship as
2026-08-04T19:21:28.5376582Z      VISIBLE TEXT: `<section class="mc-studio"><div class="mc-lamp">` printed on the front door,
2026-08-04T19:21:28.5377500Z      `</div>` and `</section>` after it, no `.mc-studio` element ever created, and the lamp's
2026-08-04T19:21:28.5378404Z      absolutely positioned parts escaping to scatter across the page (that was the 8px of
2026-08-04T19:21:28.5379404Z      horizontal overflow). The four other comment-then-markup pairs on this page keep their
2026-08-04T19:21:28.5380328Z      dashes safely, because each one follows a BLOCK-level close (`</div>`, `</ul>`) which ends
2026-08-04T19:21:28.5381443Z      the paragraph on its own. `npm run test:style` fails the build on this now. {% endcomment %}' was not properly terminated with regexp: /\%\}/
2026-08-04T19:21:28.5382521Z 	from /usr/local/bundle/gems/liquid-4.0.4/lib/liquid/block_body.rb:24:in `parse'
2026-08-04T19:21:28.5383316Z 	from /usr/local/bundle/gems/liquid-4.0.4/lib/liquid/block.rb:58:in `parse_body'
2026-08-04T19:21:28.5384280Z 	from /usr/local/bundle/gems/liquid-4.0.4/lib/liquid/block.rb:12:in `parse'
2026-08-04T19:21:28.5385012Z 	from /usr/local/bundle/gems/liquid-4.0.4/lib/liquid/tag.rb:10:in `parse'
2026-08-04T19:21:28.5385764Z 	from /usr/local/bundle/gems/liquid-4.0.4/lib/liquid/block_body.rb:34:in `parse'
2026-08-04T19:21:28.5386853Z 	from /usr/local/bundle/gems/liquid-4.0.4/lib/liquid/block.rb:58:in `parse_body'
2026-08-04T19:21:28.5387630Z 	from /usr/local/bundle/gems/liquid-4.0.4/lib/liquid/block.rb:12:in `parse'
2026-08-04T19:21:28.5388354Z 	from /usr/local/bundle/gems/liquid-4.0.4/lib/liquid/tag.rb:10:in `parse'
2026-08-04T19:21:28.5389101Z 	from /usr/local/bundle/gems/liquid-4.0.4/lib/liquid/block_body.rb:34:in `parse'
2026-08-04T19:21:28.5389890Z 	from /usr/local/bundle/gems/liquid-4.0.4/lib/liquid/block.rb:58:in `parse_body'
2026-08-04T19:21:28.5390668Z 	from /usr/local/bundle/gems/liquid-4.0.4/lib/liquid/block.rb:12:in `parse'
2026-08-04T19:21:28.5391431Z 	from /usr/local/bundle/gems/liquid-4.0.4/lib/liquid/tag.rb:10:in `parse'
2026-08-04T19:21:28.5392243Z 	from /usr/local/bundle/gems/liquid-4.0.4/lib/liquid/block_body.rb:34:in `parse'
2026-08-04T19:21:28.5393087Z 	from /usr/local/bundle/gems/liquid-4.0.4/lib/liquid/document.rb:10:in `parse'
2026-08-04T19:21:28.5394108Z 	from /usr/local/bundle/gems/liquid-4.0.4/lib/liquid/document.rb:5:in `parse'
2026-08-04T19:21:28.5394963Z 	from /usr/local/bundle/gems/liquid-4.0.4/lib/liquid/template.rb:130:in `parse'
2026-08-04T19:21:28.5395851Z 	from /usr/local/bundle/gems/liquid-4.0.4/lib/liquid/template.rb:114:in `parse'
2026-08-04T19:21:28.5396852Z 	from /usr/local/bundle/gems/jekyll-3.10.0/lib/jekyll/liquid_renderer/file.rb:13:in `block in parse'
2026-08-04T19:21:28.5397970Z 	from /usr/local/bundle/gems/jekyll-3.10.0/lib/jekyll/liquid_renderer/file.rb:49:in `measure_time'
2026-08-04T19:21:28.5398954Z 	from /usr/local/bundle/gems/jekyll-3.10.0/lib/jekyll/liquid_renderer/file.rb:12:in `parse'
2026-08-04T19:21:28.5400244Z 	from /usr/local/bundle/gems/jekyll-3.10.0/lib/jekyll/renderer.rb:121:in `render_liquid'
2026-08-04T19:21:28.5401213Z 	from /usr/local/bundle/gems/jekyll-3.10.0/lib/jekyll/renderer.rb:79:in `render_document'
2026-08-04T19:21:28.5402108Z 	from /usr/local/bundle/gems/jekyll-3.10.0/lib/jekyll/renderer.rb:62:in `run'
2026-08-04T19:21:28.5403011Z 	from /usr/local/bundle/gems/jekyll-3.10.0/lib/jekyll/site.rb:479:in `render_regenerated'
2026-08-04T19:21:28.5404178Z 	from /usr/local/bundle/gems/jekyll-3.10.0/lib/jekyll/site.rb:472:in `block in render_pages'
2026-08-04T19:21:28.5405073Z 	from /usr/local/bundle/gems/jekyll-3.10.0/lib/jekyll/site.rb:471:in `each'
2026-08-04T19:21:28.5405947Z 	from /usr/local/bundle/gems/jekyll-3.10.0/lib/jekyll/site.rb:471:in `render_pages'
2026-08-04T19:21:28.5406834Z 	from /usr/local/bundle/gems/jekyll-3.10.0/lib/jekyll/site.rb:192:in `render'
2026-08-04T19:21:28.5407710Z 	from /usr/local/bundle/gems/jekyll-3.10.0/lib/jekyll/site.rb:71:in `process'
2026-08-04T19:21:28.5408636Z 	from /usr/local/bundle/gems/jekyll-3.10.0/lib/jekyll/command.rb:28:in `process_site'
2026-08-04T19:21:28.5409599Z 	from /usr/local/bundle/gems/jekyll-3.10.0/lib/jekyll/commands/build.rb:65:in `build'
2026-08-04T19:21:28.5410561Z 	from /usr/local/bundle/gems/jekyll-3.10.0/lib/jekyll/commands/build.rb:36:in `process'
2026-08-04T19:21:28.5411682Z 	from /usr/local/bundle/gems/github-pages-232/bin/github-pages:70:in `block (3 levels) in <top (required)>'
2026-08-04T19:21:28.5412874Z 	from /usr/local/bundle/gems/mercenary-0.3.6/lib/mercenary/command.rb:220:in `block in execute'
2026-08-04T19:21:28.5414108Z 	from /usr/local/bundle/gems/mercenary-0.3.6/lib/mercenary/command.rb:220:in `each'
2026-08-04T19:21:28.5415075Z 	from /usr/local/bundle/gems/mercenary-0.3.6/lib/mercenary/command.rb:220:in `execute'
2026-08-04T19:21:28.5416034Z 	from /usr/local/bundle/gems/mercenary-0.3.6/lib/mercenary/program.rb:42:in `go'
2026-08-04T19:21:28.5416934Z 	from /usr/local/bundle/gems/mercenary-0.3.6/lib/mercenary.rb:19:in `program'
2026-08-04T19:21:28.5417868Z 	from /usr/local/bundle/gems/github-pages-232/bin/github-pages:6:in `<top (required)>'
2026-08-04T19:21:28.5418688Z 	from /usr/local/bundle/bin/github-pages:25:in `load'
2026-08-04T19:21:28.5419294Z 	from /usr/local/bundle/bin/github-pages:25:in `<main>'
2026-08-04T19:21:28.5749093Z ##[error] Logging at level: debug Configuration file: /github/workspace/./_config.yml GitHub Pages: github-pages v232 GitHub Pages: jekyll v3.10.0 Theme: jekyll-theme-primer Theme source: /usr/local/bundle/gems/jekyll-theme-primer-0.6.0 Requiring: jekyll-github-metadata Requiring: jekyll-seo-tag Requiring: jekyll-sitemap Requiring: jekyll-seo-tag Requiring: jekyll-coffeescript Requiring: jekyll-commonmark-ghpages Requiring: jekyll-gist Requiring: jekyll-github-metadata Requiring: jekyll-paginate Requiring: jekyll-relative-links Requiring: jekyll-optional-front-matter Requiring: jekyll-readme-index Requiring: jekyll-default-layout Requiring: jekyll-titles-from-headings GitHub Metadata: Initializing... Source: /github/workspace/. Destination: /github/workspace/./_site Incremental build: disabled. Enable with --incremental Generating... EntryFilter: excluded /Gemfile.lock EntryFilter: excluded /Gemfile EntryFilter: excluded /CNAME Reading: _posts/2026-03-14-First-Post.md Reading: _posts/2026-03-18-Trip-Home.md Reading: _posts/2026-03-20-back-to-reality.md Reading: _posts/2026-03-25-Getting-Healthy.md Reading: _posts/2026-03-27-Chess-Games.md Reading: _posts/2026-03-28-GitHub.md Reading: _posts/2026-03-31-python.md Reading: _posts/2026-04-11-chess-lessons.md Reading: _posts/2026-04-14-website-developer-empire-builder.md Reading: _posts/2026-04-19-ep-10-the-wrens-a-case-study-of-the-pros-and-cons-of-perfectionism.md Reading: _posts/2026-04-25-ep-11-avoiding-productive-avoidance.md Reading: _posts/2026-05-03-ep-12-60-day-mark.md Reading: _posts/2026-05-16-ep-13-a-lagwagon-tribute.md Reading: _posts/2026-05-25-ep-14-three-days-of-banging-head-against-wall.md Reading: _posts/2026-05-30-ep-15-90-day-mark.md Reading: _posts/2026-06-05-ep-16-a-new-vision.md Reading: _posts/2026-06-13-ep-17-and-you-live-in-the-21st-century.md Reading: _posts/2026-06-15-ep-18-pjcc-games-are-now-live.md Reading: _posts/2026-06-20-ep-19-grand-rising.md Reading: _posts/2026-06-22-ep-20-a-few-steps-back.md Reading: _posts/2026-07-13-were-back.md Reading: _posts/2026-07-20-ep22-momentum.md Reading: _posts/2026-07-25-ep-23-expanding-belief.md Reading: _characters/argus.md Reading: _characters/auston.md Reading: _characters/commentators.md Reading: _characters/crockett.md Reading: _characters/father.md Reading: _characters/kaede.md Reading: _characters/matsu.md Reading: _characters/maxwell.md Reading: _characters/murphy.md Reading: _characters/narrator.md Reading: _characters/princess.md Reading: _characters/prodigal-brothers.md Reading: _characters/robert.md Reading: _locations/checker-town.md Reading: _locations/chess-city-elementary.md Reading: _locations/chess-city.md Reading: _locations/mystery-city.md Reading: _locations/sand-mines.md Reading: _locations/shogi-island.md Reading: _locations/the-sea.md Reading: _tag_pages/2d.md Reading: _tag_pages/art.md Reading: _tag_pages/basketball.md Reading: _tag_pages/belief.md Reading: _tag_pages/blender.md Reading: _tag_pages/breakthrough.md Reading: _tag_pages/chess.md Reading: _tag_pages/drawing.md Reading: _tag_pages/fang-island.md Reading: _tag_pages/games.md Reading: _tag_pages/gratitude.md Reading: _tag_pages/hockey.md Reading: _tag_pages/home.md Reading: _tag_pages/introduction.md Reading: _tag_pages/jim-croce.md Reading: _tag_pages/lagwagon.md Reading: _tag_pages/lazerbeak.md Reading: _tag_pages/lessons.md Reading: _tag_pages/lifestyle.md Reading: _tag_pages/lisa.md Reading: _tag_pages/milestone.md Reading: _tag_pages/minus-the-bear.md Reading: _tag_pages/optimism.md Reading: _tag_pages/perfectionism.md Reading: _tag_pages/pjcc.md Reading: _tag_pages/princess.md Reading: _tag_pages/productive-avoidance.md Reading: _tag_pages/productivity.md Reading: _tag_pages/progress.md Reading: _tag_pages/python.md Reading: _tag_pages/ratatat.md Reading: _tag_pages/reality.md Reading: _tag_pages/reflection.md Reading: _tag_pages/running.md Reading: _tag_pages/second-job.md Reading: _tag_pages/setting.md Reading: _tag_pages/siblings.md Reading: _tag_pages/storyline.md Reading: _tag_pages/timberwolves.md Reading: _tag_pages/time
2026-08-04T19:21:28.6461555Z Node 20 is being deprecated. This workflow is running with Node 24 by default. If you need to temporarily use Node 20, you can set the ACTIONS_ALLOW_USE_UNSECURE_NODE_VERSION=true environment variable. For more information see: https://github.blog/changelog/2025-09-19-deprecation-of-node-20-on-github-actions-runners/
2026-08-04T19:21:28.6463306Z Post job cleanup.
2026-08-04T19:21:28.7302175Z [command]/usr/bin/git version
2026-08-04T19:21:28.7346194Z git version 2.54.0
2026-08-04T19:21:28.7390502Z Temporarily overriding HOME='/home/runner/work/_temp/55ed0bab-8522-4bb6-8692-1465e6b2c96d' before making global git config changes
2026-08-04T19:21:28.7392176Z Adding repository directory to the temporary git global config as a safe directory
2026-08-04T19:21:28.7396919Z [command]/usr/bin/git config --global --add safe.directory /home/runner/work/ngreen37.github.io/ngreen37.github.io
2026-08-04T19:21:28.7436810Z [command]/usr/bin/git config --local --name-only --get-regexp core\.sshCommand
2026-08-04T19:21:28.7528833Z [command]/usr/bin/git submodule foreach --recursive sh -c "git config --local --name-only --get-regexp 'core\.sshCommand' && git config --local --unset-all 'core.sshCommand' || :"
2026-08-04T19:21:28.7755807Z [command]/usr/bin/git config --local --name-only --get-regexp http\.https\:\/\/github\.com\/\.extraheader
2026-08-04T19:21:28.7783366Z http.https://github.com/.extraheader
2026-08-04T19:21:28.7795623Z [command]/usr/bin/git config --local --unset-all http.https://github.com/.extraheader
2026-08-04T19:21:28.7829613Z [command]/usr/bin/git submodule foreach --recursive sh -c "git config --local --name-only --get-regexp 'http\.https\:\/\/github\.com\/\.extraheader' && git config --local --unset-all 'http.https://github.com/.extraheader' || :"
2026-08-04T19:21:28.8090740Z [command]/usr/bin/git config --local --name-only --get-regexp ^includeIf\.gitdir:
2026-08-04T19:21:28.8131468Z [command]/usr/bin/git submodule foreach --recursive git config --local --show-origin --name-only --get-regexp remote.origin.url
2026-08-04T19:21:28.8518839Z Cleaning up orphan processes
2026-08-04T19:21:28.9006421Z ##[warning]Node.js 20 is deprecated. The following actions target Node.js 20 but are being forced to run on Node.js 24: actions/checkout@v4. For more information see: https://github.blog/changelog/2025-09-19-deprecation-of-node-20-on-github-actions-runners/
